// Jest Snapshot v1, https://goo.gl/fbAQLP

exports[`Pruebas en <RegisterScreen > Debe cargar bien el componente 1`] = `
Array [
  <h3
    className="auth__title"
  >
    Register
  </h3>,
  <form
    className="animate__animated animate__fadeIn animate__faster"
    onSubmit={[Function]}
  >
    <input
      autoComplete="off"
      className="auth__input"
      id=""
      name="email"
      onChange={[Function]}
      placeholder="Tu email"
      type="text"
      value=""
    />
    <input
      autoComplete="off"
      className="auth__input"
      id=""
      name="name"
      onChange={[Function]}
      placeholder="Tu nombre"
      type="text"
      value=""
    />
    <input
      className="auth__input"
      id=""
      name="password"
      onChange={[Function]}
      placeholder="Tu password"
      type="password"
      value=""
    />
    <input
      className="auth__input"
      id=""
      name="confirm_password"
      onChange={[Function]}
      placeholder="Confirmar Password"
      type="password"
      value=""
    />
    <button
      className="btn btn-primary btn-block mb-5"
      type="submit"
    >
      Register
    </button>
    <a
      className="link"
      href="/auth/login"
      onClick={[Function]}
    >
      Login
    </a>
  </form>,
]
`;
