// Jest Snapshot v1, https://goo.gl/fbAQLP

exports[`Prueba es <JournalEntry /> Debe mostrarse correctamente  1`] = `
<div
  className="journal__entry pointer animate__animated animate__fadeIn animate__faster"
  onClick={[Function]}
>
  <div
    className="journal__entry-body"
  >
    <p
      className="journal__entry-title"
    >
      hola
    </p>
    <p
      className="journal__entry-content"
    >
      mundo
    </p>
  </div>
  <div
    className="journal__entry-date-box"
  >
    <span>
      Tuesday
    </span>
    <h4>
      16th
    </h4>
  </div>
</div>
`;
